// Jest Snapshot v1, https://goo.gl/fbAQLP

exports[`withDevtools should send event: devtools events 1`] = `
{
  "00:P:count": {
    "args": [
      0,
    ],
    "root": "ROOT",
    "state": {
      "count": 0,
    },
    "type": "P:count",
  },
  "01:M:count/add": {
    "args": [
      2,
    ],
    "root": "ROOT",
    "state": {
      "count": 2,
    },
    "type": "M:count/add",
  },
  "02:M:count/setState": {
    "args": [
      [Function],
    ],
    "root": "ROOT",
    "state": {
      "count": 4,
    },
    "type": "M:count/setState",
  },
  "03:A:amos/addFourfoldAsync": {
    "args": [
      2,
    ],
    "root": "ROOT",
    "state": {
      "count": 4,
    },
    "type": "A:amos/addFourfoldAsync",
  },
  "04:A:amos/loginAsync": {
    "args": [
      1,
    ],
    "root": "ROOT",
    "state": {
      "count": 4,
    },
    "type": "A:amos/loginAsync",
  },
  "05:M:count/setState": {
    "args": [],
    "root": "ROOT",
    "state": {
      "count": 0,
    },
    "type": "M:count/setState",
  },
  "06:P:sessions": {
    "args": [
      {},
    ],
    "root": "ROOT",
    "state": {
      "count": 0,
      "sessions": {},
    },
    "type": "P:sessions",
  },
  "07:M:sessions/setState": {
    "args": [
      {},
    ],
    "root": "ROOT",
    "state": {
      "count": 0,
      "sessions": {},
    },
    "type": "M:sessions/setState",
  },
  "08:S:session.logout": {
    "args": [
      {
        "sessionId": 2,
        "userId": 2,
      },
    ],
    "root": "ROOT",
    "state": {
      "count": 0,
      "sessions": {},
    },
    "type": "S:session.logout",
  },
  "09:M:count/setState": {
    "args": [
      1,
    ],
    "root": "ROOT",
    "state": {
      "count": 1,
      "sessions": {},
    },
    "type": "M:count/setState",
  },
  "10:A:amos/batch": {
    "args": [
      [
        {
          "actor": [Function],
          "args": [
            2,
          ],
          "conflictPolicy": "always",
          "id": "T-7",
          "type": "amos/addFourfoldAsync",
          Symbol($amos): "action",
        },
        {
          "actor": [Function],
          "args": [
            1,
          ],
          "conflictPolicy": "always",
          "id": "T-44",
          "type": "amos/loginAsync",
          Symbol($amos): "action",
        },
        {
          "args": [
            {
              "sessionId": 2,
              "userId": 2,
            },
          ],
          "creator": [Function],
          "factory": [Function],
          "id": "T-54",
          "type": "session.logout",
          Symbol($amos): "signal",
        },
        {
          "args": [
            1,
          ],
          "box": NumberBox {
            "id": "T-3",
            "initialState": 0,
            "key": "count",
            Symbol($amos): "box",
          },
          "id": "T-3/setState",
          "mutator": [Function],
          "type": "count/setState",
          Symbol($amos): "mutation",
        },
      ],
    ],
    "root": undefined,
    "state": {
      "count": 1,
      "sessions": {},
    },
    "type": "A:amos/batch",
  },
  "11:M:count/setState": {
    "args": [
      3,
    ],
    "root": undefined,
    "state": {
      "count": 3,
      "sessions": {},
    },
    "type": "M:count/setState",
  },
  "12:M:count/add": {
    "args": [
      2,
    ],
    "root": undefined,
    "state": {
      "count": 5,
      "sessions": {},
    },
    "type": "M:count/add",
  },
  "13:M:sessions/mergeItem": {
    "args": [
      10001,
      {
        "id": 10001,
        "userId": 1,
      },
    ],
    "root": "ROOT",
    "state": {
      "count": 5,
      "sessions": {
        "10001": {
          "id": 10001,
          "token": "",
          "userId": 1,
        },
      },
    },
    "type": "M:sessions/mergeItem",
  },
  "14:P:sessions.currentId": {
    "args": [
      0,
    ],
    "root": "ROOT",
    "state": {
      "count": 5,
      "sessions": {
        "10001": {
          "id": 10001,
          "token": "",
          "userId": 1,
        },
      },
      "sessions.currentId": 0,
    },
    "type": "P:sessions.currentId",
  },
  "15:M:sessions.currentId/setState": {
    "args": [
      10001,
    ],
    "root": "ROOT",
    "state": {
      "count": 5,
      "sessions": {
        "10001": {
          "id": 10001,
          "token": "",
          "userId": 1,
        },
      },
      "sessions.currentId": 10001,
    },
    "type": "M:sessions.currentId/setState",
  },
  "16:P:user.userMap": {
    "args": [
      {
        "1": {
          "createdAt": 2020-01-01T08:00:00.000Z,
          "fatherId": 0,
          "firstName": "Rick",
          "id": 1,
          "lastName": "Sanchez",
          "motherId": 0,
        },
        "2": {
          "createdAt": 2020-01-01T08:00:00.000Z,
          "fatherId": 1,
          "firstName": "Beth",
          "id": 2,
          "lastName": "Sanchez",
          "motherId": 0,
        },
        "3": {
          "createdAt": 2020-01-01T08:00:00.000Z,
          "fatherId": 0,
          "firstName": "Jerry",
          "id": 3,
          "lastName": "Sanchez",
          "motherId": 0,
        },
        "4": {
          "createdAt": 2020-01-01T08:00:00.000Z,
          "fatherId": 3,
          "firstName": "Jessica",
          "id": 4,
          "lastName": "Sanchez",
          "motherId": 0,
        },
        "5": {
          "createdAt": 2020-01-01T08:00:00.000Z,
          "fatherId": 0,
          "firstName": "Morty",
          "id": 5,
          "lastName": "Sanchez",
          "motherId": 0,
        },
      },
    ],
    "root": "ROOT",
    "state": {
      "count": 5,
      "sessions": {
        "10001": {
          "id": 10001,
          "token": "",
          "userId": 1,
        },
      },
      "sessions.currentId": 10001,
      "user.userMap": {
        "1": {
          "createdAt": 2020-01-01T08:00:00.000Z,
          "fatherId": 0,
          "firstName": "Rick",
          "id": 1,
          "lastName": "Sanchez",
          "motherId": 0,
        },
        "2": {
          "createdAt": 2020-01-01T08:00:00.000Z,
          "fatherId": 1,
          "firstName": "Beth",
          "id": 2,
          "lastName": "Sanchez",
          "motherId": 0,
        },
        "3": {
          "createdAt": 2020-01-01T08:00:00.000Z,
          "fatherId": 0,
          "firstName": "Jerry",
          "id": 3,
          "lastName": "Sanchez",
          "motherId": 0,
        },
        "4": {
          "createdAt": 2020-01-01T08:00:00.000Z,
          "fatherId": 3,
          "firstName": "Jessica",
          "id": 4,
          "lastName": "Sanchez",
          "motherId": 0,
        },
        "5": {
          "createdAt": 2020-01-01T08:00:00.000Z,
          "fatherId": 0,
          "firstName": "Morty",
          "id": 5,
          "lastName": "Sanchez",
          "motherId": 0,
        },
      },
    },
    "type": "P:user.userMap",
  },
  "17:M:user.userMap/mergeItem": {
    "args": [
      1,
      {
        "id": 1,
      },
    ],
    "root": "ROOT",
    "state": {
      "count": 5,
      "sessions": {
        "10001": {
          "id": 10001,
          "token": "",
          "userId": 1,
        },
      },
      "sessions.currentId": 10001,
      "user.userMap": {
        "1": {
          "createdAt": 2020-01-01T08:00:00.000Z,
          "fatherId": 0,
          "firstName": "Rick",
          "id": 1,
          "lastName": "Sanchez",
          "motherId": 0,
        },
        "2": {
          "createdAt": 2020-01-01T08:00:00.000Z,
          "fatherId": 1,
          "firstName": "Beth",
          "id": 2,
          "lastName": "Sanchez",
          "motherId": 0,
        },
        "3": {
          "createdAt": 2020-01-01T08:00:00.000Z,
          "fatherId": 0,
          "firstName": "Jerry",
          "id": 3,
          "lastName": "Sanchez",
          "motherId": 0,
        },
        "4": {
          "createdAt": 2020-01-01T08:00:00.000Z,
          "fatherId": 3,
          "firstName": "Jessica",
          "id": 4,
          "lastName": "Sanchez",
          "motherId": 0,
        },
        "5": {
          "createdAt": 2020-01-01T08:00:00.000Z,
          "fatherId": 0,
          "firstName": "Morty",
          "id": 5,
          "lastName": "Sanchez",
          "motherId": 0,
        },
      },
    },
    "type": "M:user.userMap/mergeItem",
  },
  "18:A:amos/batch": {
    "args": [
      [
        {
          "args": [
            10001,
            {
              "id": 10001,
              "userId": 1,
            },
          ],
          "box": RecordMapBox {
            "id": "T-30",
            "initialState": {},
            "key": "sessions",
            Symbol($amos): "box",
          },
          "id": "T-30/mergeItem",
          "mutator": [Function],
          "type": "sessions/mergeItem",
          Symbol($amos): "mutation",
        },
        {
          "args": [
            10001,
          ],
          "box": Box {
            "id": "T-31",
            "initialState": 0,
            "key": "sessions.currentId",
            Symbol($amos): "box",
          },
          "id": "T-31/setState",
          "mutator": [Function],
          "type": "sessions.currentId/setState",
          Symbol($amos): "mutation",
        },
        {
          "args": [
            1,
            {
              "id": 1,
            },
          ],
          "box": RecordMapBox {
            "id": "T-51",
            "initialState": {
              "1": {
                "createdAt": 2020-01-01T08:00:00.000Z,
                "fatherId": 0,
                "firstName": "Rick",
                "id": 1,
                "lastName": "Sanchez",
                "motherId": 0,
              },
              "2": {
                "createdAt": 2020-01-01T08:00:00.000Z,
                "fatherId": 1,
                "firstName": "Beth",
                "id": 2,
                "lastName": "Sanchez",
                "motherId": 0,
              },
              "3": {
                "createdAt": 2020-01-01T08:00:00.000Z,
                "fatherId": 0,
                "firstName": "Jerry",
                "id": 3,
                "lastName": "Sanchez",
                "motherId": 0,
              },
              "4": {
                "createdAt": 2020-01-01T08:00:00.000Z,
                "fatherId": 3,
                "firstName": "Jessica",
                "id": 4,
                "lastName": "Sanchez",
                "motherId": 0,
              },
              "5": {
                "createdAt": 2020-01-01T08:00:00.000Z,
                "fatherId": 0,
                "firstName": "Morty",
                "id": 5,
                "lastName": "Sanchez",
                "motherId": 0,
              },
            },
            "key": "user.userMap",
            Symbol($amos): "box",
          },
          "id": "T-51/mergeItem",
          "mutator": [Function],
          "type": "user.userMap/mergeItem",
          Symbol($amos): "mutation",
        },
      ],
    ],
    "root": "ROOT",
    "state": {
      "count": 5,
      "sessions": {
        "10001": {
          "id": 10001,
          "token": "",
          "userId": 1,
        },
      },
      "sessions.currentId": 10001,
      "user.userMap": {
        "1": {
          "createdAt": 2020-01-01T08:00:00.000Z,
          "fatherId": 0,
          "firstName": "Rick",
          "id": 1,
          "lastName": "Sanchez",
          "motherId": 0,
        },
        "2": {
          "createdAt": 2020-01-01T08:00:00.000Z,
          "fatherId": 1,
          "firstName": "Beth",
          "id": 2,
          "lastName": "Sanchez",
          "motherId": 0,
        },
        "3": {
          "createdAt": 2020-01-01T08:00:00.000Z,
          "fatherId": 0,
          "firstName": "Jerry",
          "id": 3,
          "lastName": "Sanchez",
          "motherId": 0,
        },
        "4": {
          "createdAt": 2020-01-01T08:00:00.000Z,
          "fatherId": 3,
          "firstName": "Jessica",
          "id": 4,
          "lastName": "Sanchez",
          "motherId": 0,
        },
        "5": {
          "createdAt": 2020-01-01T08:00:00.000Z,
          "fatherId": 0,
          "firstName": "Morty",
          "id": 5,
          "lastName": "Sanchez",
          "motherId": 0,
        },
      },
    },
    "type": "A:amos/batch",
  },
  "19:S:session.login": {
    "args": [
      {
        "sessionId": 10001,
        "userId": 1,
      },
    ],
    "root": "ROOT",
    "state": {
      "count": 5,
      "sessions": {
        "10001": {
          "id": 10001,
          "token": "",
          "userId": 1,
        },
      },
      "sessions.currentId": 10001,
      "user.userMap": {
        "1": {
          "createdAt": 2020-01-01T08:00:00.000Z,
          "fatherId": 0,
          "firstName": "Rick",
          "id": 1,
          "lastName": "Sanchez",
          "motherId": 0,
        },
        "2": {
          "createdAt": 2020-01-01T08:00:00.000Z,
          "fatherId": 1,
          "firstName": "Beth",
          "id": 2,
          "lastName": "Sanchez",
          "motherId": 0,
        },
        "3": {
          "createdAt": 2020-01-01T08:00:00.000Z,
          "fatherId": 0,
          "firstName": "Jerry",
          "id": 3,
          "lastName": "Sanchez",
          "motherId": 0,
        },
        "4": {
          "createdAt": 2020-01-01T08:00:00.000Z,
          "fatherId": 3,
          "firstName": "Jessica",
          "id": 4,
          "lastName": "Sanchez",
          "motherId": 0,
        },
        "5": {
          "createdAt": 2020-01-01T08:00:00.000Z,
          "fatherId": 0,
          "firstName": "Morty",
          "id": 5,
          "lastName": "Sanchez",
          "motherId": 0,
        },
      },
    },
    "type": "S:session.login",
  },
  "20:A:amos/loginSync": {
    "args": [
      1,
    ],
    "root": undefined,
    "state": {
      "count": 5,
      "sessions": {
        "10001": {
          "id": 10001,
          "token": "",
          "userId": 1,
        },
      },
      "sessions.currentId": 10001,
      "user.userMap": {
        "1": {
          "createdAt": 2020-01-01T08:00:00.000Z,
          "fatherId": 0,
          "firstName": "Rick",
          "id": 1,
          "lastName": "Sanchez",
          "motherId": 0,
        },
        "2": {
          "createdAt": 2020-01-01T08:00:00.000Z,
          "fatherId": 1,
          "firstName": "Beth",
          "id": 2,
          "lastName": "Sanchez",
          "motherId": 0,
        },
        "3": {
          "createdAt": 2020-01-01T08:00:00.000Z,
          "fatherId": 0,
          "firstName": "Jerry",
          "id": 3,
          "lastName": "Sanchez",
          "motherId": 0,
        },
        "4": {
          "createdAt": 2020-01-01T08:00:00.000Z,
          "fatherId": 3,
          "firstName": "Jessica",
          "id": 4,
          "lastName": "Sanchez",
          "motherId": 0,
        },
        "5": {
          "createdAt": 2020-01-01T08:00:00.000Z,
          "fatherId": 0,
          "firstName": "Morty",
          "id": 5,
          "lastName": "Sanchez",
          "motherId": 0,
        },
      },
    },
    "type": "A:amos/loginSync",
  },
}
`;
